// Jest Snapshot v1, https://goo.gl/fbAQLP

exports[`Layout rendering renders layout 1`] = `
<VerticalNav
  blurDelay={700}
  blurDisabled={false}
  changeActiveMenu={[Function]}
  changeLocation={[Function]}
  changeOrganization={[Function]}
  currentLocation="Any Location"
  currentOrganization="Any Organization"
  data={
    Object {
      "locations": Object {
        "available_locations": Array [
          Object {
            "href": "/locations/1-yaml/select",
            "id": 1,
            "name": "yaml",
          },
        ],
        "current_location": Object {
          "location": Object {
            "id": 1,
            "name": "yaml",
          },
        },
      },
      "logo": "/assets/header_logo-c9614c16f2ee399ae9cb7f36ec94b9a26bf8cf9eabaa7fe6099bf80d1f7940db.svg",
      "menu": Array [
        Array [
          Object {
            "active": false,
            "children": Array [
              Object {
                "name": "Dashboard",
                "type": "item",
                "url": "/",
              },
              Object {
                "name": "Hello",
                "type": "divider",
              },
              Object {
                "name": "Facts",
                "type": "item",
                "url": "/fact_values",
              },
            ],
            "icon": "fa fa-tachometer",
            "name": "Monitor",
            "type": "sub_menu",
          },
          Object {
            "active": false,
            "children": Array [
              Object {
                "name": "All Hosts",
                "type": "item",
                "url": "/hosts/new",
              },
              Object {
                "name": "There",
                "type": "divider",
              },
              Object {
                "name": "Architectures",
                "type": "item",
                "url": "/architectures",
              },
            ],
            "icon": "fa fa-server",
            "name": "Hosts",
            "type": "sub_menu",
          },
        ],
        Array [
          Object {
            "active": false,
            "children": Array [
              Object {
                "name": "Environments",
                "type": "item",
                "url": "/environments",
              },
              Object {
                "name": "Dear",
                "type": "divider",
              },
              Object {
                "name": "Architectures",
                "type": "item",
                "url": "/architectures",
              },
            ],
            "icon": "fa fa-wrench",
            "name": "User",
            "type": "sub_menu",
          },
          Object {
            "active": false,
            "children": Array [
              Object {
                "name": "Domains",
                "type": "item",
                "url": "/domains",
              },
              Object {
                "name": "Friend",
                "type": "divider",
              },
              Object {
                "name": "Realms",
                "type": "item",
                "url": "/realms",
              },
            ],
            "icon": "pficon pficon-network",
            "name": "Infrastructure",
            "type": "sub_menu",
          },
        ],
      ],
      "notification_url": "/notification_recipients",
      "organizations": Object {
        "available_organizations": Array [
          Object {
            "href": "/organizations/1-org1/select",
            "id": 1,
            "name": "org1",
          },
        ],
        "current_org": Object {
          "organization": Object {
            "id": 1,
            "name": "org1",
          },
        },
      },
      "root": "/",
      "taxonomies": Object {
        "locations": true,
        "organizations": true,
      },
      "user": Object {
        "current_user": Object {
          "user": Object {
            "firstname": "Admin",
            "id": 4,
            "lastname": "User",
            "login": "admin",
          },
        },
        "user_dropdown": Array [
          Object {
            "children": Array [
              Object {
                "isDivider": false,
                "onClick": [Function],
                "title": "A",
              },
              Object {
                "isDivider": true,
                "onClick": [Function],
                "title": "B",
              },
              Object {
                "isDivider": false,
                "onClick": [Function],
                "title": "C",
              },
            ],
            "icon": "fa fa-user",
            "name": "User",
            "type": "sub_menu",
          },
        ],
      },
    }
  }
  dynamicBodyClasses={true}
  fetchMenuItems={[Function]}
  forceHidden={false}
  hiddenIcons={false}
  hideMasthead={false}
  hoverDelay={0}
  hoverDisabled={false}
  isLoading={false}
  items={
    Array [
      Object {
        "href": "/",
        "iconClass": "fa fa-tachometer",
        "initialActive": true,
        "subItems": undefined,
        "title": "Monitor",
      },
      Object {
        "href": "/",
        "iconClass": "fa fa-server",
        "initialActive": false,
        "subItems": undefined,
        "title": "Hosts",
      },
      Object {
        "href": "/",
        "iconClass": "fa fa-wrench",
        "initialActive": false,
        "subItems": undefined,
        "title": "Configure",
      },
    ]
  }
  onCollapse={null}
  onExpand={null}
  onItemBlur={null}
  onItemClick={[Function]}
  onItemHover={null}
  onItemPin={null}
  onMenuToggleClick={null}
  onMobileSelection={null}
  onNavigate={[Function]}
  persist={true}
  persistentSecondary={true}
  pinnableMenus={false}
  showBadges={false}
>
  <VerticalNav.Masthead>
    <VerticalNav.Brand
      href="/"
      iconImg="/assets/header_logo-c9614c16f2ee399ae9cb7f36ec94b9a26bf8cf9eabaa7fe6099bf80d1f7940db.svg"
      img=""
      onClick={null}
      title="FOREMAN"
      titleImg=""
    />
    <TaxonomySwitcher
      className=""
      currentLocation="Any Location"
      currentOrganization="Any Organization"
      isLoading={false}
      locations={
        Array [
          Object {
            "href": "/locations/1-yaml/select",
            "id": 1,
            "name": "yaml",
          },
        ]
      }
      onLocationClick={[Function]}
      onOrgClick={[Function]}
      organizations={
        Array [
          Object {
            "href": "/organizations/1-org1/select",
            "id": 1,
            "name": "org1",
          },
        ]
      }
      taxonomiesBool={
        Object {
          "locations": true,
          "organizations": true,
        }
      }
    />
    <UserDropdowns
      changeActiveMenu={[Function]}
      className=""
      notificationUrl="/notification_recipients"
      user={
        Object {
          "current_user": Object {
            "user": Object {
              "firstname": "Admin",
              "id": 4,
              "lastname": "User",
              "login": "admin",
            },
          },
          "user_dropdown": Array [
            Object {
              "children": Array [
                Object {
                  "isDivider": false,
                  "onClick": [Function],
                  "title": "A",
                },
                Object {
                  "isDivider": true,
                  "onClick": [Function],
                  "title": "B",
                },
                Object {
                  "isDivider": false,
                  "onClick": [Function],
                  "title": "C",
                },
              ],
              "icon": "fa fa-user",
              "name": "User",
              "type": "sub_menu",
            },
          ],
        }
      }
    />
  </VerticalNav.Masthead>
</VerticalNav>
`;
