// Jest Snapshot v1, https://goo.gl/fbAQLP

exports[`DiffContainer rendering render DiffContainer 1`] = `
<div
  id="diff-container"
>
  <div
    id="diff-radio-buttons"
  >
    <ButtonGroup
      block={false}
      bsClass="btn-group"
      justified={false}
      vertical={false}
    >
      <Button
        active={false}
        block={false}
        bsClass="btn"
        bsStyle="primary"
        className="diff-button active"
        disabled={false}
        id="split-btn"
        onClick={[Function]}
      >
        Split
      </Button>
      <Button
        active={false}
        block={false}
        bsClass="btn"
        bsStyle="default"
        className="diff-button"
        disabled={false}
        id="unified-btn"
        onClick={[Function]}
      >
        Unified
      </Button>
    </ButtonGroup>
  </div>
  <div
    id="diff-table"
  >
    <DiffView
      newText="hello there friend"
      oldText="hello friend"
      viewType="split"
    />
  </div>
</div>
`;
